Copyright 1986-2019 Xilinx, Inc. All Rights Reserved.
------------------------------------------------------------------------------------
| Tool Version : Vivado v.2019.2 (win64) Build 2708876 Wed Nov  6 21:40:23 MST 2019
| Date         : Fri May 14 22:23:40 2021
| Host         : LAPTOP-E46NNAVE running 64-bit major release  (build 9200)
| Command      : report_clock_utilization -file top_clock_utilization_routed.rpt
| Design       : top
| Device       : 7a100t-csg324
| Speed File   : -1  PRODUCTION 1.23 2018-06-13
| Design State : Routed
------------------------------------------------------------------------------------

Clock Utilization Report

Table of Contents
-----------------
1. Clock Primitive Utilization
2. Global Clock Resources
3. Global Clock Source Details
4. Clock Regions: Key Resource Utilization
5. Clock Regions : Global Clock Summary
6. Device Cell Placement Summary for Global Clock g0
7. Device Cell Placement Summary for Global Clock g1
8. Device Cell Placement Summary for Global Clock g2
9. Device Cell Placement Summary for Global Clock g3
10. Device Cell Placement Summary for Global Clock g4
11. Device Cell Placement Summary for Global Clock g5
12. Device Cell Placement Summary for Global Clock g6
13. Device Cell Placement Summary for Global Clock g7
14. Device Cell Placement Summary for Global Clock g8
15. Device Cell Placement Summary for Global Clock g9
16. Device Cell Placement Summary for Global Clock g10
17. Device Cell Placement Summary for Global Clock g11
18. Device Cell Placement Summary for Global Clock g12
19. Device Cell Placement Summary for Global Clock g13
20. Clock Region Cell Placement per Global Clock: Region X0Y0
21. Clock Region Cell Placement per Global Clock: Region X0Y1
22. Clock Region Cell Placement per Global Clock: Region X1Y1
23. Clock Region Cell Placement per Global Clock: Region X0Y2
24. Clock Region Cell Placement per Global Clock: Region X1Y2

1. Clock Primitive Utilization
------------------------------

+----------+------+-----------+-----+--------------+--------+
| Type     | Used | Available | LOC | Clock Region | Pblock |
+----------+------+-----------+-----+--------------+--------+
| BUFGCTRL |   14 |        32 |   0 |            0 |      0 |
| BUFH     |    0 |        96 |   0 |            0 |      0 |
| BUFIO    |    0 |        24 |   0 |            0 |      0 |
| BUFMR    |    0 |        12 |   0 |            0 |      0 |
| BUFR     |    0 |        24 |   0 |            0 |      0 |
| MMCM     |    0 |         6 |   0 |            0 |      0 |
| PLL      |    1 |         6 |   0 |            0 |      0 |
+----------+------+-----------+-----+--------------+--------+


2. Global Clock Resources
-------------------------

+-----------+-----------+-----------------+------------+----------------+--------------+-------------------+-------------+-----------------+--------------+--------------------+-----------------------------------------------------+--------------------------------------------------------------+
| Global Id | Source Id | Driver Type/Pin | Constraint | Site           | Clock Region | Load Clock Region | Clock Loads | Non-Clock Loads | Clock Period | Clock              | Driver Pin                                          | Net                                                          |
+-----------+-----------+-----------------+------------+----------------+--------------+-------------------+-------------+-----------------+--------------+--------------------+-----------------------------------------------------+--------------------------------------------------------------+
| g0        | src0      | BUFG/O          | None       | BUFGCTRL_X0Y16 | n/a          |                 5 |         282 |               0 |       10.000 | sys_clk_pin        | top_clk_IBUF_BUFG_inst/O                            | top_clk_IBUF_BUFG                                            |
| g1        | src1      | BUFG/O          | None       | BUFGCTRL_X0Y0  | n/a          |                 2 |          64 |               0 |              |                    | output_data_reg[63]_i_1/O                           | output_data_reg[63]_i_1_n_0                                  |
| g2        | src2      | BUFG/O          | None       | BUFGCTRL_X0Y1  | n/a          |                 2 |          32 |               0 |              |                    | next_v0_reg[31]_i_2/O                               | next_v0__0                                                   |
| g3        | src3      | BUFG/O          | None       | BUFGCTRL_X0Y2  | n/a          |                 4 |          32 |               0 |              |                    | next_v1_reg[31]_i_2/O                               | next_v1__0                                                   |
| g4        | src4      | BUFG/O          | None       | BUFGCTRL_X0Y3  | n/a          |                 2 |          32 |               0 |              |                    | t10_reg[31]_i_2/O                                   | t10__0                                                       |
| g5        | src5      | BUFG/O          | None       | BUFGCTRL_X0Y4  | n/a          |                 2 |          32 |               0 |              |                    | t12_reg[31]_i_2/O                                   | t12__0                                                       |
| g6        | src6      | BUFG/O          | None       | BUFGCTRL_X0Y5  | n/a          |                 3 |          32 |               0 |              |                    | t13_reg[31]_i_2/O                                   | t13__0                                                       |
| g7        | src7      | BUFG/O          | None       | BUFGCTRL_X0Y6  | n/a          |                 2 |          32 |               0 |              |                    | t14_reg[31]_i_2/O                                   | t14__0                                                       |
| g8        | src8      | BUFG/O          | None       | BUFGCTRL_X0Y7  | n/a          |                 2 |          32 |               0 |              |                    | t7_reg[31]_i_2/O                                    | t7__0                                                        |
| g9        | src9      | BUFG/O          | None       | BUFGCTRL_X0Y8  | n/a          |                 3 |          32 |               0 |              |                    | t9_reg[31]_i_2/O                                    | t9__0                                                        |
| g10       | src10     | BUFG/O          | None       | BUFGCTRL_X0Y9  | n/a          |                 2 |          32 |               0 |              |                    | v0_reg[31]_i_2/O                                    | v0__0                                                        |
| g11       | src11     | BUFG/O          | None       | BUFGCTRL_X0Y10 | n/a          |                 4 |          32 |               0 |              |                    | v1_reg[31]_i_2/O                                    | v1__0                                                        |
| g12       | src12     | BUFG/O          | None       | BUFGCTRL_X0Y11 | n/a          |                 1 |           1 |               0 |       10.000 | clkfbout_clk_wiz_0 | GEN_VGA/VGA_INITIALS/CLK_GEN_PLL/inst/clkf_buf/O    | GEN_VGA/VGA_INITIALS/CLK_GEN_PLL/inst/clkfbout_buf_clk_wiz_0 |
| g13       | src12     | BUFG/O          | None       | BUFGCTRL_X0Y12 | n/a          |                 1 |           0 |               1 |       40.000 | clk25_clk_wiz_0    | GEN_VGA/VGA_INITIALS/CLK_GEN_PLL/inst/clkout1_buf/O | GEN_VGA/VGA_INITIALS/CLK_GEN_PLL/inst/clk25                  |
+-----------+-----------+-----------------+------------+----------------+--------------+-------------------+-------------+-----------------+--------------+--------------------+-----------------------------------------------------+--------------------------------------------------------------+
* Clock Loads column represents the clock pin loads (pin count)
** Non-Clock Loads column represents the non-clock pin loads (pin count)


3. Global Clock Source Details
------------------------------

+-----------+-----------+--------------------+------------+----------------+--------------+-------------+-----------------+---------------------+--------------------+---------------------------------------------------------------+----------------------------------------------------------+
| Source Id | Global Id | Driver Type/Pin    | Constraint | Site           | Clock Region | Clock Loads | Non-Clock Loads | Source Clock Period | Source Clock       | Driver Pin                                                    | Net                                                      |
+-----------+-----------+--------------------+------------+----------------+--------------+-------------+-----------------+---------------------+--------------------+---------------------------------------------------------------+----------------------------------------------------------+
| src0      | g0        | IBUF/O             | IOB_X1Y126 | IOB_X1Y126     | X1Y2         |           1 |               0 |              10.000 | sys_clk_pin        | top_clk_IBUF_inst/O                                           | top_clk_IBUF                                             |
| src1      | g1        | FDRE/Q             | None       | SLICE_X60Y97   | X1Y1         |           1 |               1 |                     |                    | GEN_TEA/FSM_onehot_curr_state_reg[24]/Q                       | GEN_TEA/FSM_onehot_curr_state_reg[24]_0[0]               |
| src2      | g2        | LUT2/O             | None       | SLICE_X50Y96   | X0Y1         |           1 |               0 |                     |                    | GEN_TEA/next_v0_reg[31]_i_4/O                                 | GEN_TEA/FSM_onehot_curr_state_reg[0]_1                   |
| src3      | g3        | LUT2/O             | None       | SLICE_X51Y96   | X0Y1         |           1 |               0 |                     |                    | GEN_TEA/next_v1_reg[31]_i_4/O                                 | GEN_TEA/FSM_onehot_curr_state_reg[0]_0                   |
| src4      | g4        | LUT2/O             | None       | SLICE_X52Y96   | X1Y1         |           1 |               0 |                     |                    | GEN_TEA/t10_reg[31]_i_4/O                                     | GEN_TEA/FSM_onehot_curr_state_reg[0]_7                   |
| src5      | g5        | LUT2/O             | None       | SLICE_X52Y95   | X1Y1         |           1 |               0 |                     |                    | GEN_TEA/t12_reg[31]_i_4/O                                     | GEN_TEA/FSM_onehot_curr_state_reg[0]_6                   |
| src6      | g6        | LUT2/O             | None       | SLICE_X52Y95   | X1Y1         |           1 |               0 |                     |                    | GEN_TEA/t13_reg[31]_i_3/O                                     | GEN_TEA/FSM_onehot_curr_state_reg[0]_5                   |
| src7      | g7        | LUT2/O             | None       | SLICE_X52Y94   | X1Y1         |           1 |               0 |                     |                    | GEN_TEA/t14_reg[31]_i_3/O                                     | GEN_TEA/FSM_onehot_curr_state_reg[0]_4                   |
| src8      | g8        | LUT2/O             | None       | SLICE_X50Y96   | X0Y1         |           1 |               0 |                     |                    | GEN_TEA/t7_reg[31]_i_3/O                                      | GEN_TEA/FSM_onehot_curr_state_reg[0]_9                   |
| src9      | g9        | LUT2/O             | None       | SLICE_X51Y96   | X0Y1         |           1 |               0 |                     |                    | GEN_TEA/t9_reg[31]_i_4/O                                      | GEN_TEA/FSM_onehot_curr_state_reg[0]_8                   |
| src10     | g10       | LUT2/O             | None       | SLICE_X51Y97   | X0Y1         |           1 |               0 |                     |                    | GEN_TEA/v0_reg[31]_i_3/O                                      | GEN_TEA/FSM_onehot_curr_state_reg[0]_2                   |
| src11     | g11       | LUT2/O             | None       | SLICE_X51Y97   | X0Y1         |           1 |               0 |                     |                    | GEN_TEA/v1_reg[31]_i_3/O                                      | GEN_TEA/FSM_onehot_curr_state_reg[0]_3                   |
| src12     | g13       | PLLE2_ADV/CLKOUT0  | None       | PLLE2_ADV_X0Y0 | X0Y0         |           1 |               0 |              40.000 | clk25_clk_wiz_0    | GEN_VGA/VGA_INITIALS/CLK_GEN_PLL/inst/plle2_adv_inst/CLKOUT0  | GEN_VGA/VGA_INITIALS/CLK_GEN_PLL/inst/clk25_clk_wiz_0    |
| src12     | g12       | PLLE2_ADV/CLKFBOUT | None       | PLLE2_ADV_X0Y0 | X0Y0         |           1 |               0 |              10.000 | clkfbout_clk_wiz_0 | GEN_VGA/VGA_INITIALS/CLK_GEN_PLL/inst/plle2_adv_inst/CLKFBOUT | GEN_VGA/VGA_INITIALS/CLK_GEN_PLL/inst/clkfbout_clk_wiz_0 |
+-----------+-----------+--------------------+------------+----------------+--------------+-------------+-----------------+---------------------+--------------------+---------------------------------------------------------------+----------------------------------------------------------+
* Clock Loads column represents the clock pin loads (pin count)
** Non-Clock Loads column represents the non-clock pin loads (pin count)


4. Clock Regions: Key Resource Utilization
------------------------------------------

+-------------------+--------------+--------------+--------------+--------------+--------------+--------------+--------------+--------------+--------------+--------------+--------------+--------------+--------------+--------------+--------------+
|                   | Global Clock |     BUFRs    |    BUFMRs    |    BUFIOs    |     MMCM     |      PLL     |      GT      |      PCI     |    ILOGIC    |    OLOGIC    |      FF      |     LUTM     |    RAMB18    |    RAMB36    |    DSP48E2   |
+-------------------+------+-------+------+-------+------+-------+------+-------+------+-------+------+-------+------+-------+------+-------+------+-------+------+-------+------+-------+------+-------+------+-------+------+-------+------+-------+
| Clock Region Name | Used | Avail | Used | Avail | Used | Avail | Used | Avail | Used | Avail | Used | Avail | Used | Avail | Used | Avail | Used | Avail | Used | Avail | Used | Avail | Used | Avail | Used | Avail | Used | Avail | Used | Avail |
+-------------------+------+-------+------+-------+------+-------+------+-------+------+-------+------+-------+------+-------+------+-------+------+-------+------+-------+------+-------+------+-------+------+-------+------+-------+------+-------+
| X0Y0              |    2 |    12 |    0 |     4 |    0 |     2 |    0 |     4 |    0 |     1 |    1 |     1 |    0 |     0 |    0 |     0 |    0 |    50 |    0 |    50 |    0 |  2600 |    0 |   600 |    0 |    20 |    0 |    10 |    0 |    20 |
| X1Y0              |    0 |    12 |    0 |     0 |    0 |     0 |    0 |     0 |    0 |     0 |    0 |     0 |    0 |     4 |    0 |     0 |    0 |     0 |    0 |     0 |    0 |  1500 |    0 |   550 |    0 |    40 |    0 |    20 |    0 |    40 |
| X0Y1              |    9 |    12 |    0 |     4 |    0 |     2 |    0 |     4 |    0 |     1 |    0 |     1 |    0 |     0 |    0 |     0 |    0 |    50 |    0 |    50 |  145 |  2000 |   60 |   600 |    0 |    20 |    0 |    10 |    0 |    20 |
| X1Y1              |    8 |    12 |    0 |     4 |    0 |     2 |    0 |     4 |    0 |     1 |    0 |     1 |    0 |     0 |    0 |     0 |    0 |    50 |    0 |    50 |   37 |  1900 |   60 |   650 |    0 |    60 |    0 |    30 |    0 |    40 |
| X0Y2              |    8 |    12 |    0 |     4 |    0 |     2 |    0 |     4 |    0 |     1 |    0 |     1 |    0 |     0 |    0 |     0 |    0 |    50 |    0 |    50 |   65 |  2000 |   35 |   600 |    0 |    20 |    0 |    10 |    0 |    20 |
| X1Y2              |    8 |    12 |    0 |     4 |    0 |     2 |    0 |     4 |    0 |     1 |    0 |     1 |    0 |     0 |    0 |     0 |    0 |    50 |    0 |    50 |   34 |  1900 |   67 |   650 |    0 |    60 |    0 |    30 |    0 |    40 |
| X0Y3              |    0 |    12 |    0 |     4 |    0 |     2 |    0 |     4 |    0 |     1 |    0 |     1 |    0 |     0 |    0 |     0 |    0 |    50 |    0 |    50 |    0 |  2600 |    0 |   600 |    0 |    20 |    0 |    10 |    0 |    20 |
| X1Y3              |    0 |    12 |    0 |     0 |    0 |     0 |    0 |     0 |    0 |     0 |    0 |     0 |    0 |     4 |    0 |     1 |    0 |     0 |    0 |     0 |    0 |  1350 |    0 |   500 |    0 |    30 |    0 |    15 |    0 |    40 |
+-------------------+------+-------+------+-------+------+-------+------+-------+------+-------+------+-------+------+-------+------+-------+------+-------+------+-------+------+-------+------+-------+------+-------+------+-------+------+-------+
* Global Clock column represents track count; while other columns represents cell counts


5. Clock Regions : Global Clock Summary
---------------------------------------

All Modules
+----+----+----+
|    | X0 | X1 |
+----+----+----+
| Y3 |  0 |  0 |
| Y2 |  8 |  8 |
| Y1 |  9 |  8 |
| Y0 |  2 |  0 |
+----+----+----+


6. Device Cell Placement Summary for Global Clock g0
----------------------------------------------------

+-----------+-----------------+-------------------+-------------+-------------+---------------+-------------+----------+----------------+----------+-------------------+
| Global Id | Driver Type/Pin | Driver Region (D) | Clock       | Period (ns) | Waveform (ns) | Slice Loads | IO Loads | Clocking Loads | GT Loads | Net               |
+-----------+-----------------+-------------------+-------------+-------------+---------------+-------------+----------+----------------+----------+-------------------+
| g0        | BUFG/O          | n/a               | sys_clk_pin |      10.000 | {0.000 5.000} |         281 |        0 |              1 |        0 | top_clk_IBUF_BUFG |
+-----------+-----------------+-------------------+-------------+-------------+---------------+-------------+----------+----------------+----------+-------------------+
* Slice Loads column represents load cell count of all cell types other than IO, GT and clock resources
** IO Loads column represents load cell count of IO types
*** Clocking Loads column represents load cell count that are clock resources (global clock buffer, MMCM, PLL, etc)
**** GT Loads column represents load cell count of GT types


+----+------+-----+
|    | X0   | X1  |
+----+------+-----+
| Y3 |    0 |   0 |
| Y2 |   65 |  34 |
| Y1 |  145 |  37 |
| Y0 |    1 |   0 |
+----+------+-----+


7. Device Cell Placement Summary for Global Clock g1
----------------------------------------------------

+-----------+-----------------+-------------------+-------+-------------+---------------+-------------+----------+----------------+----------+-----------------------------+
| Global Id | Driver Type/Pin | Driver Region (D) | Clock | Period (ns) | Waveform (ns) | Slice Loads | IO Loads | Clocking Loads | GT Loads | Net                         |
+-----------+-----------------+-------------------+-------+-------------+---------------+-------------+----------+----------------+----------+-----------------------------+
| g1        | BUFG/O          | n/a               |       |             |               |          64 |        0 |              0 |        0 | output_data_reg[63]_i_1_n_0 |
+-----------+-----------------+-------------------+-------+-------------+---------------+-------------+----------+----------------+----------+-----------------------------+
* Slice Loads column represents load cell count of all cell types other than IO, GT and clock resources
** IO Loads column represents load cell count of IO types
*** Clocking Loads column represents load cell count that are clock resources (global clock buffer, MMCM, PLL, etc)
**** GT Loads column represents load cell count of GT types


+----+-----+----+
|    | X0  | X1 |
+----+-----+----+
| Y3 |   0 |  0 |
| Y2 |  24 |  0 |
| Y1 |  40 |  0 |
| Y0 |   0 |  0 |
+----+-----+----+


8. Device Cell Placement Summary for Global Clock g2
----------------------------------------------------

+-----------+-----------------+-------------------+-------+-------------+---------------+-------------+----------+----------------+----------+------------+
| Global Id | Driver Type/Pin | Driver Region (D) | Clock | Period (ns) | Waveform (ns) | Slice Loads | IO Loads | Clocking Loads | GT Loads | Net        |
+-----------+-----------------+-------------------+-------+-------------+---------------+-------------+----------+----------------+----------+------------+
| g2        | BUFG/O          | n/a               |       |             |               |          32 |        0 |              0 |        0 | next_v0__0 |
+-----------+-----------------+-------------------+-------+-------------+---------------+-------------+----------+----------------+----------+------------+
* Slice Loads column represents load cell count of all cell types other than IO, GT and clock resources
** IO Loads column represents load cell count of IO types
*** Clocking Loads column represents load cell count that are clock resources (global clock buffer, MMCM, PLL, etc)
**** GT Loads column represents load cell count of GT types


+----+-----+----+
|    | X0  | X1 |
+----+-----+----+
| Y3 |   0 |  0 |
| Y2 |  16 |  0 |
| Y1 |  16 |  0 |
| Y0 |   0 |  0 |
+----+-----+----+


9. Device Cell Placement Summary for Global Clock g3
----------------------------------------------------

+-----------+-----------------+-------------------+-------+-------------+---------------+-------------+----------+----------------+----------+------------+
| Global Id | Driver Type/Pin | Driver Region (D) | Clock | Period (ns) | Waveform (ns) | Slice Loads | IO Loads | Clocking Loads | GT Loads | Net        |
+-----------+-----------------+-------------------+-------+-------------+---------------+-------------+----------+----------------+----------+------------+
| g3        | BUFG/O          | n/a               |       |             |               |          32 |        0 |              0 |        0 | next_v1__0 |
+-----------+-----------------+-------------------+-------+-------------+---------------+-------------+----------+----------------+----------+------------+
* Slice Loads column represents load cell count of all cell types other than IO, GT and clock resources
** IO Loads column represents load cell count of IO types
*** Clocking Loads column represents load cell count that are clock resources (global clock buffer, MMCM, PLL, etc)
**** GT Loads column represents load cell count of GT types


+----+----+-----+
|    | X0 | X1  |
+----+----+-----+
| Y3 |  0 |   0 |
| Y2 |  9 |   9 |
| Y1 |  4 |  10 |
| Y0 |  0 |   0 |
+----+----+-----+


10. Device Cell Placement Summary for Global Clock g4
-----------------------------------------------------

+-----------+-----------------+-------------------+-------+-------------+---------------+-------------+----------+----------------+----------+--------+
| Global Id | Driver Type/Pin | Driver Region (D) | Clock | Period (ns) | Waveform (ns) | Slice Loads | IO Loads | Clocking Loads | GT Loads | Net    |
+-----------+-----------------+-------------------+-------+-------------+---------------+-------------+----------+----------------+----------+--------+
| g4        | BUFG/O          | n/a               |       |             |               |          32 |        0 |              0 |        0 | t10__0 |
+-----------+-----------------+-------------------+-------+-------------+---------------+-------------+----------+----------------+----------+--------+
* Slice Loads column represents load cell count of all cell types other than IO, GT and clock resources
** IO Loads column represents load cell count of IO types
*** Clocking Loads column represents load cell count that are clock resources (global clock buffer, MMCM, PLL, etc)
**** GT Loads column represents load cell count of GT types


+----+----+-----+
|    | X0 | X1  |
+----+----+-----+
| Y3 |  0 |   0 |
| Y2 |  0 |  16 |
| Y1 |  0 |  16 |
| Y0 |  0 |   0 |
+----+----+-----+


11. Device Cell Placement Summary for Global Clock g5
-----------------------------------------------------

+-----------+-----------------+-------------------+-------+-------------+---------------+-------------+----------+----------------+----------+--------+
| Global Id | Driver Type/Pin | Driver Region (D) | Clock | Period (ns) | Waveform (ns) | Slice Loads | IO Loads | Clocking Loads | GT Loads | Net    |
+-----------+-----------------+-------------------+-------+-------------+---------------+-------------+----------+----------------+----------+--------+
| g5        | BUFG/O          | n/a               |       |             |               |          32 |        0 |              0 |        0 | t12__0 |
+-----------+-----------------+-------------------+-------+-------------+---------------+-------------+----------+----------------+----------+--------+
* Slice Loads column represents load cell count of all cell types other than IO, GT and clock resources
** IO Loads column represents load cell count of IO types
*** Clocking Loads column represents load cell count that are clock resources (global clock buffer, MMCM, PLL, etc)
**** GT Loads column represents load cell count of GT types


+----+----+-----+
|    | X0 | X1  |
+----+----+-----+
| Y3 |  0 |   0 |
| Y2 |  0 |  18 |
| Y1 |  0 |  14 |
| Y0 |  0 |   0 |
+----+----+-----+


12. Device Cell Placement Summary for Global Clock g6
-----------------------------------------------------

+-----------+-----------------+-------------------+-------+-------------+---------------+-------------+----------+----------------+----------+--------+
| Global Id | Driver Type/Pin | Driver Region (D) | Clock | Period (ns) | Waveform (ns) | Slice Loads | IO Loads | Clocking Loads | GT Loads | Net    |
+-----------+-----------------+-------------------+-------+-------------+---------------+-------------+----------+----------------+----------+--------+
| g6        | BUFG/O          | n/a               |       |             |               |          32 |        0 |              0 |        0 | t13__0 |
+-----------+-----------------+-------------------+-------+-------------+---------------+-------------+----------+----------------+----------+--------+
* Slice Loads column represents load cell count of all cell types other than IO, GT and clock resources
** IO Loads column represents load cell count of IO types
*** Clocking Loads column represents load cell count that are clock resources (global clock buffer, MMCM, PLL, etc)
**** GT Loads column represents load cell count of GT types


+----+----+-----+
|    | X0 | X1  |
+----+----+-----+
| Y3 |  0 |   0 |
| Y2 |  0 |  18 |
| Y1 |  2 |  12 |
| Y0 |  0 |   0 |
+----+----+-----+


13. Device Cell Placement Summary for Global Clock g7
-----------------------------------------------------

+-----------+-----------------+-------------------+-------+-------------+---------------+-------------+----------+----------------+----------+--------+
| Global Id | Driver Type/Pin | Driver Region (D) | Clock | Period (ns) | Waveform (ns) | Slice Loads | IO Loads | Clocking Loads | GT Loads | Net    |
+-----------+-----------------+-------------------+-------+-------------+---------------+-------------+----------+----------------+----------+--------+
| g7        | BUFG/O          | n/a               |       |             |               |          32 |        0 |              0 |        0 | t14__0 |
+-----------+-----------------+-------------------+-------+-------------+---------------+-------------+----------+----------------+----------+--------+
* Slice Loads column represents load cell count of all cell types other than IO, GT and clock resources
** IO Loads column represents load cell count of IO types
*** Clocking Loads column represents load cell count that are clock resources (global clock buffer, MMCM, PLL, etc)
**** GT Loads column represents load cell count of GT types


+----+----+-----+
|    | X0 | X1  |
+----+----+-----+
| Y3 |  0 |   0 |
| Y2 |  0 |  16 |
| Y1 |  0 |  16 |
| Y0 |  0 |   0 |
+----+----+-----+


14. Device Cell Placement Summary for Global Clock g8
-----------------------------------------------------

+-----------+-----------------+-------------------+-------+-------------+---------------+-------------+----------+----------------+----------+-------+
| Global Id | Driver Type/Pin | Driver Region (D) | Clock | Period (ns) | Waveform (ns) | Slice Loads | IO Loads | Clocking Loads | GT Loads | Net   |
+-----------+-----------------+-------------------+-------+-------------+---------------+-------------+----------+----------------+----------+-------+
| g8        | BUFG/O          | n/a               |       |             |               |          32 |        0 |              0 |        0 | t7__0 |
+-----------+-----------------+-------------------+-------+-------------+---------------+-------------+----------+----------------+----------+-------+
* Slice Loads column represents load cell count of all cell types other than IO, GT and clock resources
** IO Loads column represents load cell count of IO types
*** Clocking Loads column represents load cell count that are clock resources (global clock buffer, MMCM, PLL, etc)
**** GT Loads column represents load cell count of GT types


+----+-----+----+
|    | X0  | X1 |
+----+-----+----+
| Y3 |   0 |  0 |
| Y2 |  18 |  0 |
| Y1 |  14 |  0 |
| Y0 |   0 |  0 |
+----+-----+----+


15. Device Cell Placement Summary for Global Clock g9
-----------------------------------------------------

+-----------+-----------------+-------------------+-------+-------------+---------------+-------------+----------+----------------+----------+-------+
| Global Id | Driver Type/Pin | Driver Region (D) | Clock | Period (ns) | Waveform (ns) | Slice Loads | IO Loads | Clocking Loads | GT Loads | Net   |
+-----------+-----------------+-------------------+-------+-------------+---------------+-------------+----------+----------------+----------+-------+
| g9        | BUFG/O          | n/a               |       |             |               |          32 |        0 |              0 |        0 | t9__0 |
+-----------+-----------------+-------------------+-------+-------------+---------------+-------------+----------+----------------+----------+-------+
* Slice Loads column represents load cell count of all cell types other than IO, GT and clock resources
** IO Loads column represents load cell count of IO types
*** Clocking Loads column represents load cell count that are clock resources (global clock buffer, MMCM, PLL, etc)
**** GT Loads column represents load cell count of GT types


+----+----+-----+
|    | X0 | X1  |
+----+----+-----+
| Y3 |  0 |   0 |
| Y2 |  0 |  18 |
| Y1 |  2 |  12 |
| Y0 |  0 |   0 |
+----+----+-----+


16. Device Cell Placement Summary for Global Clock g10
------------------------------------------------------

+-----------+-----------------+-------------------+-------+-------------+---------------+-------------+----------+----------------+----------+-------+
| Global Id | Driver Type/Pin | Driver Region (D) | Clock | Period (ns) | Waveform (ns) | Slice Loads | IO Loads | Clocking Loads | GT Loads | Net   |
+-----------+-----------------+-------------------+-------+-------------+---------------+-------------+----------+----------------+----------+-------+
| g10       | BUFG/O          | n/a               |       |             |               |          32 |        0 |              0 |        0 | v0__0 |
+-----------+-----------------+-------------------+-------+-------------+---------------+-------------+----------+----------------+----------+-------+
* Slice Loads column represents load cell count of all cell types other than IO, GT and clock resources
** IO Loads column represents load cell count of IO types
*** Clocking Loads column represents load cell count that are clock resources (global clock buffer, MMCM, PLL, etc)
**** GT Loads column represents load cell count of GT types


+----+-----+----+
|    | X0  | X1 |
+----+-----+----+
| Y3 |   0 |  0 |
| Y2 |  16 |  0 |
| Y1 |  16 |  0 |
| Y0 |   0 |  0 |
+----+-----+----+


17. Device Cell Placement Summary for Global Clock g11
------------------------------------------------------

+-----------+-----------------+-------------------+-------+-------------+---------------+-------------+----------+----------------+----------+-------+
| Global Id | Driver Type/Pin | Driver Region (D) | Clock | Period (ns) | Waveform (ns) | Slice Loads | IO Loads | Clocking Loads | GT Loads | Net   |
+-----------+-----------------+-------------------+-------+-------------+---------------+-------------+----------+----------------+----------+-------+
| g11       | BUFG/O          | n/a               |       |             |               |          32 |        0 |              0 |        0 | v1__0 |
+-----------+-----------------+-------------------+-------+-------------+---------------+-------------+----------+----------------+----------+-------+
* Slice Loads column represents load cell count of all cell types other than IO, GT and clock resources
** IO Loads column represents load cell count of IO types
*** Clocking Loads column represents load cell count that are clock resources (global clock buffer, MMCM, PLL, etc)
**** GT Loads column represents load cell count of GT types


+----+----+----+
|    | X0 | X1 |
+----+----+----+
| Y3 |  0 |  0 |
| Y2 |  9 |  8 |
| Y1 |  7 |  8 |
| Y0 |  0 |  0 |
+----+----+----+


18. Device Cell Placement Summary for Global Clock g12
------------------------------------------------------

+-----------+-----------------+-------------------+--------------------+-------------+---------------+-------------+----------+----------------+----------+--------------------------------------------------------------+
| Global Id | Driver Type/Pin | Driver Region (D) | Clock              | Period (ns) | Waveform (ns) | Slice Loads | IO Loads | Clocking Loads | GT Loads | Net                                                          |
+-----------+-----------------+-------------------+--------------------+-------------+---------------+-------------+----------+----------------+----------+--------------------------------------------------------------+
| g12       | BUFG/O          | n/a               | clkfbout_clk_wiz_0 |      10.000 | {0.000 5.000} |           0 |        0 |              1 |        0 | GEN_VGA/VGA_INITIALS/CLK_GEN_PLL/inst/clkfbout_buf_clk_wiz_0 |
+-----------+-----------------+-------------------+--------------------+-------------+---------------+-------------+----------+----------------+----------+--------------------------------------------------------------+
* Slice Loads column represents load cell count of all cell types other than IO, GT and clock resources
** IO Loads column represents load cell count of IO types
*** Clocking Loads column represents load cell count that are clock resources (global clock buffer, MMCM, PLL, etc)
**** GT Loads column represents load cell count of GT types


+----+----+----+
|    | X0 | X1 |
+----+----+----+
| Y3 |  0 |  0 |
| Y2 |  0 |  0 |
| Y1 |  0 |  0 |
| Y0 |  1 |  0 |
+----+----+----+


19. Device Cell Placement Summary for Global Clock g13
------------------------------------------------------

+-----------+-----------------+-------------------+-----------------+-------------+----------------+-------------+----------+----------------+----------+---------------------------------------------+
| Global Id | Driver Type/Pin | Driver Region (D) | Clock           | Period (ns) | Waveform (ns)  | Slice Loads | IO Loads | Clocking Loads | GT Loads | Net                                         |
+-----------+-----------------+-------------------+-----------------+-------------+----------------+-------------+----------+----------------+----------+---------------------------------------------+
| g13       | BUFG/O          | n/a               | clk25_clk_wiz_0 |      40.000 | {0.000 20.000} |           1 |        0 |              0 |        0 | GEN_VGA/VGA_INITIALS/CLK_GEN_PLL/inst/clk25 |
+-----------+-----------------+-------------------+-----------------+-------------+----------------+-------------+----------+----------------+----------+---------------------------------------------+
* Slice Loads column represents load cell count of all cell types other than IO, GT and clock resources
** IO Loads column represents load cell count of IO types
*** Clocking Loads column represents load cell count that are clock resources (global clock buffer, MMCM, PLL, etc)
**** GT Loads column represents load cell count of GT types


+----+----+----+
|    | X0 | X1 |
+----+----+----+
| Y3 |  0 |  0 |
| Y2 |  1 |  0 |
| Y1 |  0 |  0 |
| Y0 |  0 |  0 |
+----+----+----+


20. Clock Region Cell Placement per Global Clock: Region X0Y0
-------------------------------------------------------------

+-----------+-------+-----------------+------------+-------------+-----------------+----+--------+------+-----+----+------+-----+---------+--------------------------------------------------------------+
| Global Id | Track | Driver Type/Pin | Constraint | Clock Loads | Non-Clock Loads | FF | LUTRAM | RAMB | DSP | GT | MMCM | PLL | Hard IP | Net                                                          |
+-----------+-------+-----------------+------------+-------------+-----------------+----+--------+------+-----+----+------+-----+---------+--------------------------------------------------------------+
| g0        | n/a   | BUFG/O          | None       |           1 |               0 |  0 |      0 |    0 |   0 |  0 |    0 |   1 |       0 | top_clk_IBUF_BUFG                                            |
| g12       | n/a   | BUFG/O          | None       |           1 |               0 |  0 |      0 |    0 |   0 |  0 |    0 |   1 |       0 | GEN_VGA/VGA_INITIALS/CLK_GEN_PLL/inst/clkfbout_buf_clk_wiz_0 |
+-----------+-------+-----------------+------------+-------------+-----------------+----+--------+------+-----+----+------+-----+---------+--------------------------------------------------------------+
* Clock Loads column represents the clock pin loads (pin count)
** Non-Clock Loads column represents the non-clock pin loads (pin count)
*** Columns FF, LUTRAM, RAMB through 'Hard IP' represents load cell counts


21. Clock Region Cell Placement per Global Clock: Region X0Y1
-------------------------------------------------------------

+-----------+-------+-----------------+------------+-------------+-----------------+-----+--------+------+-----+----+------+-----+---------+-----------------------------+
| Global Id | Track | Driver Type/Pin | Constraint | Clock Loads | Non-Clock Loads | FF  | LUTRAM | RAMB | DSP | GT | MMCM | PLL | Hard IP | Net                         |
+-----------+-------+-----------------+------------+-------------+-----------------+-----+--------+------+-----+----+------+-----+---------+-----------------------------+
| g0        | n/a   | BUFG/O          | None       |         145 |               0 | 145 |      0 |    0 |   0 |  0 |    0 |   0 |       0 | top_clk_IBUF_BUFG           |
| g1        | n/a   | BUFG/O          | None       |          40 |               0 |   0 |      0 |    0 |   0 |  0 |    0 |   0 |       0 | output_data_reg[63]_i_1_n_0 |
| g2        | n/a   | BUFG/O          | None       |          16 |               0 |   0 |      0 |    0 |   0 |  0 |    0 |   0 |       0 | next_v0__0                  |
| g3        | n/a   | BUFG/O          | None       |           4 |               0 |   0 |      0 |    0 |   0 |  0 |    0 |   0 |       0 | next_v1__0                  |
| g6        | n/a   | BUFG/O          | None       |           2 |               0 |   0 |      0 |    0 |   0 |  0 |    0 |   0 |       0 | t13__0                      |
| g8        | n/a   | BUFG/O          | None       |          14 |               0 |   0 |      0 |    0 |   0 |  0 |    0 |   0 |       0 | t7__0                       |
| g9        | n/a   | BUFG/O          | None       |           2 |               0 |   0 |      0 |    0 |   0 |  0 |    0 |   0 |       0 | t9__0                       |
| g10       | n/a   | BUFG/O          | None       |          16 |               0 |   0 |      0 |    0 |   0 |  0 |    0 |   0 |       0 | v0__0                       |
| g11       | n/a   | BUFG/O          | None       |           7 |               0 |   0 |      0 |    0 |   0 |  0 |    0 |   0 |       0 | v1__0                       |
+-----------+-------+-----------------+------------+-------------+-----------------+-----+--------+------+-----+----+------+-----+---------+-----------------------------+
* Clock Loads column represents the clock pin loads (pin count)
** Non-Clock Loads column represents the non-clock pin loads (pin count)
*** Columns FF, LUTRAM, RAMB through 'Hard IP' represents load cell counts


22. Clock Region Cell Placement per Global Clock: Region X1Y1
-------------------------------------------------------------

+-----------+-------+-----------------+------------+-------------+-----------------+----+--------+------+-----+----+------+-----+---------+-------------------+
| Global Id | Track | Driver Type/Pin | Constraint | Clock Loads | Non-Clock Loads | FF | LUTRAM | RAMB | DSP | GT | MMCM | PLL | Hard IP | Net               |
+-----------+-------+-----------------+------------+-------------+-----------------+----+--------+------+-----+----+------+-----+---------+-------------------+
| g0        | n/a   | BUFG/O          | None       |          37 |               0 | 37 |      0 |    0 |   0 |  0 |    0 |   0 |       0 | top_clk_IBUF_BUFG |
| g3        | n/a   | BUFG/O          | None       |          10 |               0 |  0 |      0 |    0 |   0 |  0 |    0 |   0 |       0 | next_v1__0        |
| g4        | n/a   | BUFG/O          | None       |          16 |               0 |  0 |      0 |    0 |   0 |  0 |    0 |   0 |       0 | t10__0            |
| g5        | n/a   | BUFG/O          | None       |          14 |               0 |  0 |      0 |    0 |   0 |  0 |    0 |   0 |       0 | t12__0            |
| g6        | n/a   | BUFG/O          | None       |          12 |               0 |  0 |      0 |    0 |   0 |  0 |    0 |   0 |       0 | t13__0            |
| g7        | n/a   | BUFG/O          | None       |          16 |               0 |  0 |      0 |    0 |   0 |  0 |    0 |   0 |       0 | t14__0            |
| g9        | n/a   | BUFG/O          | None       |          12 |               0 |  0 |      0 |    0 |   0 |  0 |    0 |   0 |       0 | t9__0             |
| g11       | n/a   | BUFG/O          | None       |           8 |               0 |  0 |      0 |    0 |   0 |  0 |    0 |   0 |       0 | v1__0             |
+-----------+-------+-----------------+------------+-------------+-----------------+----+--------+------+-----+----+------+-----+---------+-------------------+
* Clock Loads column represents the clock pin loads (pin count)
** Non-Clock Loads column represents the non-clock pin loads (pin count)
*** Columns FF, LUTRAM, RAMB through 'Hard IP' represents load cell counts


23. Clock Region Cell Placement per Global Clock: Region X0Y2
-------------------------------------------------------------

+-----------+-------+-----------------+------------+-------------+-----------------+----+--------+------+-----+----+------+-----+---------+---------------------------------------------+
| Global Id | Track | Driver Type/Pin | Constraint | Clock Loads | Non-Clock Loads | FF | LUTRAM | RAMB | DSP | GT | MMCM | PLL | Hard IP | Net                                         |
+-----------+-------+-----------------+------------+-------------+-----------------+----+--------+------+-----+----+------+-----+---------+---------------------------------------------+
| g0        | n/a   | BUFG/O          | None       |          65 |               0 | 65 |      0 |    0 |   0 |  0 |    0 |   0 |       0 | top_clk_IBUF_BUFG                           |
| g1        | n/a   | BUFG/O          | None       |          24 |               0 |  0 |      0 |    0 |   0 |  0 |    0 |   0 |       0 | output_data_reg[63]_i_1_n_0                 |
| g2        | n/a   | BUFG/O          | None       |          16 |               0 |  0 |      0 |    0 |   0 |  0 |    0 |   0 |       0 | next_v0__0                                  |
| g3        | n/a   | BUFG/O          | None       |           9 |               0 |  0 |      0 |    0 |   0 |  0 |    0 |   0 |       0 | next_v1__0                                  |
| g8        | n/a   | BUFG/O          | None       |          18 |               0 |  0 |      0 |    0 |   0 |  0 |    0 |   0 |       0 | t7__0                                       |
| g10       | n/a   | BUFG/O          | None       |          16 |               0 |  0 |      0 |    0 |   0 |  0 |    0 |   0 |       0 | v0__0                                       |
| g11       | n/a   | BUFG/O          | None       |           9 |               0 |  0 |      0 |    0 |   0 |  0 |    0 |   0 |       0 | v1__0                                       |
| g13       | n/a   | BUFG/O          | None       |           0 |               1 |  0 |      0 |    0 |   0 |  0 |    0 |   0 |       0 | GEN_VGA/VGA_INITIALS/CLK_GEN_PLL/inst/clk25 |
+-----------+-------+-----------------+------------+-------------+-----------------+----+--------+------+-----+----+------+-----+---------+---------------------------------------------+
* Clock Loads column represents the clock pin loads (pin count)
** Non-Clock Loads column represents the non-clock pin loads (pin count)
*** Columns FF, LUTRAM, RAMB through 'Hard IP' represents load cell counts


24. Clock Region Cell Placement per Global Clock: Region X1Y2
-------------------------------------------------------------

+-----------+-------+-----------------+------------+-------------+-----------------+----+--------+------+-----+----+------+-----+---------+-------------------+
| Global Id | Track | Driver Type/Pin | Constraint | Clock Loads | Non-Clock Loads | FF | LUTRAM | RAMB | DSP | GT | MMCM | PLL | Hard IP | Net               |
+-----------+-------+-----------------+------------+-------------+-----------------+----+--------+------+-----+----+------+-----+---------+-------------------+
| g0        | n/a   | BUFG/O          | None       |          34 |               0 | 34 |      0 |    0 |   0 |  0 |    0 |   0 |       0 | top_clk_IBUF_BUFG |
| g3        | n/a   | BUFG/O          | None       |           9 |               0 |  0 |      0 |    0 |   0 |  0 |    0 |   0 |       0 | next_v1__0        |
| g4        | n/a   | BUFG/O          | None       |          16 |               0 |  0 |      0 |    0 |   0 |  0 |    0 |   0 |       0 | t10__0            |
| g5        | n/a   | BUFG/O          | None       |          18 |               0 |  0 |      0 |    0 |   0 |  0 |    0 |   0 |       0 | t12__0            |
| g6        | n/a   | BUFG/O          | None       |          18 |               0 |  0 |      0 |    0 |   0 |  0 |    0 |   0 |       0 | t13__0            |
| g7        | n/a   | BUFG/O          | None       |          16 |               0 |  0 |      0 |    0 |   0 |  0 |    0 |   0 |       0 | t14__0            |
| g9        | n/a   | BUFG/O          | None       |          18 |               0 |  0 |      0 |    0 |   0 |  0 |    0 |   0 |       0 | t9__0             |
| g11       | n/a   | BUFG/O          | None       |           8 |               0 |  0 |      0 |    0 |   0 |  0 |    0 |   0 |       0 | v1__0             |
+-----------+-------+-----------------+------------+-------------+-----------------+----+--------+------+-----+----+------+-----+---------+-------------------+
* Clock Loads column represents the clock pin loads (pin count)
** Non-Clock Loads column represents the non-clock pin loads (pin count)
*** Columns FF, LUTRAM, RAMB through 'Hard IP' represents load cell counts



# Location of BUFG Primitives 
set_property LOC BUFGCTRL_X0Y10 [get_cells v1_reg[31]_i_2]
set_property LOC BUFGCTRL_X0Y9 [get_cells v0_reg[31]_i_2]
set_property LOC BUFGCTRL_X0Y16 [get_cells top_clk_IBUF_BUFG_inst]
set_property LOC BUFGCTRL_X0Y8 [get_cells t9_reg[31]_i_2]
set_property LOC BUFGCTRL_X0Y7 [get_cells t7_reg[31]_i_2]
set_property LOC BUFGCTRL_X0Y6 [get_cells t14_reg[31]_i_2]
set_property LOC BUFGCTRL_X0Y5 [get_cells t13_reg[31]_i_2]
set_property LOC BUFGCTRL_X0Y4 [get_cells t12_reg[31]_i_2]
set_property LOC BUFGCTRL_X0Y3 [get_cells t10_reg[31]_i_2]
set_property LOC BUFGCTRL_X0Y0 [get_cells output_data_reg[63]_i_1]
set_property LOC BUFGCTRL_X0Y2 [get_cells next_v1_reg[31]_i_2]
set_property LOC BUFGCTRL_X0Y1 [get_cells next_v0_reg[31]_i_2]
set_property LOC BUFGCTRL_X0Y11 [get_cells GEN_VGA/VGA_INITIALS/CLK_GEN_PLL/inst/clkf_buf]
set_property LOC BUFGCTRL_X0Y12 [get_cells GEN_VGA/VGA_INITIALS/CLK_GEN_PLL/inst/clkout1_buf]

# Location of IO Primitives which is load of clock spine

# Location of clock ports
set_property LOC IOB_X1Y126 [get_ports top_clk]

# Clock net "v1__0" driven by instance "v1_reg[31]_i_2" located at site "BUFGCTRL_X0Y10"
#startgroup
create_pblock {CLKAG_v1__0}
add_cells_to_pblock [get_pblocks  {CLKAG_v1__0}] [get_cells -filter { PRIMITIVE_GROUP != I/O && IS_PRIMITIVE==1 && PRIMITIVE_LEVEL !=INTERNAL } -of_object [get_pins -filter {DIRECTION==IN} -of_objects [get_nets -hierarchical -filter {PARENT=="v1__0"}]]]
resize_pblock [get_pblocks {CLKAG_v1__0}] -add {CLOCKREGION_X0Y1:CLOCKREGION_X0Y1 CLOCKREGION_X0Y2:CLOCKREGION_X0Y2 CLOCKREGION_X1Y1:CLOCKREGION_X1Y1 CLOCKREGION_X1Y2:CLOCKREGION_X1Y2}
#endgroup

# Clock net "v0__0" driven by instance "v0_reg[31]_i_2" located at site "BUFGCTRL_X0Y9"
#startgroup
create_pblock {CLKAG_v0__0}
add_cells_to_pblock [get_pblocks  {CLKAG_v0__0}] [get_cells -filter { PRIMITIVE_GROUP != I/O && IS_PRIMITIVE==1 && PRIMITIVE_LEVEL !=INTERNAL } -of_object [get_pins -filter {DIRECTION==IN} -of_objects [get_nets -hierarchical -filter {PARENT=="v0__0"}]]]
resize_pblock [get_pblocks {CLKAG_v0__0}] -add {CLOCKREGION_X0Y1:CLOCKREGION_X0Y1 CLOCKREGION_X0Y2:CLOCKREGION_X0Y2}
#endgroup

# Clock net "top_clk_IBUF_BUFG" driven by instance "top_clk_IBUF_BUFG_inst" located at site "BUFGCTRL_X0Y16"
#startgroup
create_pblock {CLKAG_top_clk_IBUF_BUFG}
add_cells_to_pblock [get_pblocks  {CLKAG_top_clk_IBUF_BUFG}] [get_cells -filter { PRIMITIVE_GROUP != I/O && IS_PRIMITIVE==1 && PRIMITIVE_LEVEL !=INTERNAL && NAME!=GEN_VGA/VGA_INITIALS/CLK_GEN_PLL/inst/plle2_adv_inst} -of_object [get_pins -filter {DIRECTION==IN} -of_objects [get_nets -hierarchical -filter {PARENT=="top_clk_IBUF_BUFG"}]]]
resize_pblock [get_pblocks {CLKAG_top_clk_IBUF_BUFG}] -add {CLOCKREGION_X0Y1:CLOCKREGION_X0Y1 CLOCKREGION_X0Y2:CLOCKREGION_X0Y2 CLOCKREGION_X1Y1:CLOCKREGION_X1Y1 CLOCKREGION_X1Y2:CLOCKREGION_X1Y2}
#endgroup

# Clock net "t9__0" driven by instance "t9_reg[31]_i_2" located at site "BUFGCTRL_X0Y8"
#startgroup
create_pblock {CLKAG_t9__0}
add_cells_to_pblock [get_pblocks  {CLKAG_t9__0}] [get_cells -filter { PRIMITIVE_GROUP != I/O && IS_PRIMITIVE==1 && PRIMITIVE_LEVEL !=INTERNAL } -of_object [get_pins -filter {DIRECTION==IN} -of_objects [get_nets -hierarchical -filter {PARENT=="t9__0"}]]]
resize_pblock [get_pblocks {CLKAG_t9__0}] -add {CLOCKREGION_X0Y1:CLOCKREGION_X0Y1 CLOCKREGION_X1Y1:CLOCKREGION_X1Y1 CLOCKREGION_X1Y2:CLOCKREGION_X1Y2}
#endgroup

# Clock net "t7__0" driven by instance "t7_reg[31]_i_2" located at site "BUFGCTRL_X0Y7"
#startgroup
create_pblock {CLKAG_t7__0}
add_cells_to_pblock [get_pblocks  {CLKAG_t7__0}] [get_cells -filter { PRIMITIVE_GROUP != I/O && IS_PRIMITIVE==1 && PRIMITIVE_LEVEL !=INTERNAL } -of_object [get_pins -filter {DIRECTION==IN} -of_objects [get_nets -hierarchical -filter {PARENT=="t7__0"}]]]
resize_pblock [get_pblocks {CLKAG_t7__0}] -add {CLOCKREGION_X0Y1:CLOCKREGION_X0Y1 CLOCKREGION_X0Y2:CLOCKREGION_X0Y2}
#endgroup

# Clock net "t14__0" driven by instance "t14_reg[31]_i_2" located at site "BUFGCTRL_X0Y6"
#startgroup
create_pblock {CLKAG_t14__0}
add_cells_to_pblock [get_pblocks  {CLKAG_t14__0}] [get_cells -filter { PRIMITIVE_GROUP != I/O && IS_PRIMITIVE==1 && PRIMITIVE_LEVEL !=INTERNAL } -of_object [get_pins -filter {DIRECTION==IN} -of_objects [get_nets -hierarchical -filter {PARENT=="t14__0"}]]]
resize_pblock [get_pblocks {CLKAG_t14__0}] -add {CLOCKREGION_X1Y1:CLOCKREGION_X1Y1 CLOCKREGION_X1Y2:CLOCKREGION_X1Y2}
#endgroup

# Clock net "t13__0" driven by instance "t13_reg[31]_i_2" located at site "BUFGCTRL_X0Y5"
#startgroup
create_pblock {CLKAG_t13__0}
add_cells_to_pblock [get_pblocks  {CLKAG_t13__0}] [get_cells -filter { PRIMITIVE_GROUP != I/O && IS_PRIMITIVE==1 && PRIMITIVE_LEVEL !=INTERNAL } -of_object [get_pins -filter {DIRECTION==IN} -of_objects [get_nets -hierarchical -filter {PARENT=="t13__0"}]]]
resize_pblock [get_pblocks {CLKAG_t13__0}] -add {CLOCKREGION_X0Y1:CLOCKREGION_X0Y1 CLOCKREGION_X1Y1:CLOCKREGION_X1Y1 CLOCKREGION_X1Y2:CLOCKREGION_X1Y2}
#endgroup

# Clock net "t12__0" driven by instance "t12_reg[31]_i_2" located at site "BUFGCTRL_X0Y4"
#startgroup
create_pblock {CLKAG_t12__0}
add_cells_to_pblock [get_pblocks  {CLKAG_t12__0}] [get_cells -filter { PRIMITIVE_GROUP != I/O && IS_PRIMITIVE==1 && PRIMITIVE_LEVEL !=INTERNAL } -of_object [get_pins -filter {DIRECTION==IN} -of_objects [get_nets -hierarchical -filter {PARENT=="t12__0"}]]]
resize_pblock [get_pblocks {CLKAG_t12__0}] -add {CLOCKREGION_X1Y1:CLOCKREGION_X1Y1 CLOCKREGION_X1Y2:CLOCKREGION_X1Y2}
#endgroup

# Clock net "t10__0" driven by instance "t10_reg[31]_i_2" located at site "BUFGCTRL_X0Y3"
#startgroup
create_pblock {CLKAG_t10__0}
add_cells_to_pblock [get_pblocks  {CLKAG_t10__0}] [get_cells -filter { PRIMITIVE_GROUP != I/O && IS_PRIMITIVE==1 && PRIMITIVE_LEVEL !=INTERNAL } -of_object [get_pins -filter {DIRECTION==IN} -of_objects [get_nets -hierarchical -filter {PARENT=="t10__0"}]]]
resize_pblock [get_pblocks {CLKAG_t10__0}] -add {CLOCKREGION_X1Y1:CLOCKREGION_X1Y1 CLOCKREGION_X1Y2:CLOCKREGION_X1Y2}
#endgroup

# Clock net "output_data_reg[63]_i_1_n_0" driven by instance "output_data_reg[63]_i_1" located at site "BUFGCTRL_X0Y0"
#startgroup
create_pblock {CLKAG_output_data_reg[63]_i_1_n_0}
add_cells_to_pblock [get_pblocks  {CLKAG_output_data_reg[63]_i_1_n_0}] [get_cells -filter { PRIMITIVE_GROUP != I/O && IS_PRIMITIVE==1 && PRIMITIVE_LEVEL !=INTERNAL } -of_object [get_pins -filter {DIRECTION==IN} -of_objects [get_nets -hierarchical -filter {PARENT=="output_data_reg[63]_i_1_n_0"}]]]
resize_pblock [get_pblocks {CLKAG_output_data_reg[63]_i_1_n_0}] -add {CLOCKREGION_X0Y1:CLOCKREGION_X0Y1 CLOCKREGION_X0Y2:CLOCKREGION_X0Y2}
#endgroup

# Clock net "next_v1__0" driven by instance "next_v1_reg[31]_i_2" located at site "BUFGCTRL_X0Y2"
#startgroup
create_pblock {CLKAG_next_v1__0}
add_cells_to_pblock [get_pblocks  {CLKAG_next_v1__0}] [get_cells -filter { PRIMITIVE_GROUP != I/O && IS_PRIMITIVE==1 && PRIMITIVE_LEVEL !=INTERNAL } -of_object [get_pins -filter {DIRECTION==IN} -of_objects [get_nets -hierarchical -filter {PARENT=="next_v1__0"}]]]
resize_pblock [get_pblocks {CLKAG_next_v1__0}] -add {CLOCKREGION_X0Y1:CLOCKREGION_X0Y1 CLOCKREGION_X0Y2:CLOCKREGION_X0Y2 CLOCKREGION_X1Y1:CLOCKREGION_X1Y1 CLOCKREGION_X1Y2:CLOCKREGION_X1Y2}
#endgroup

# Clock net "next_v0__0" driven by instance "next_v0_reg[31]_i_2" located at site "BUFGCTRL_X0Y1"
#startgroup
create_pblock {CLKAG_next_v0__0}
add_cells_to_pblock [get_pblocks  {CLKAG_next_v0__0}] [get_cells -filter { PRIMITIVE_GROUP != I/O && IS_PRIMITIVE==1 && PRIMITIVE_LEVEL !=INTERNAL } -of_object [get_pins -filter {DIRECTION==IN} -of_objects [get_nets -hierarchical -filter {PARENT=="next_v0__0"}]]]
resize_pblock [get_pblocks {CLKAG_next_v0__0}] -add {CLOCKREGION_X0Y1:CLOCKREGION_X0Y1 CLOCKREGION_X0Y2:CLOCKREGION_X0Y2}
#endgroup

# Clock net "GEN_VGA/VGA_INITIALS/CLK_GEN_PLL/inst/clk25" driven by instance "GEN_VGA/VGA_INITIALS/CLK_GEN_PLL/inst/clkout1_buf" located at site "BUFGCTRL_X0Y12"
#startgroup
create_pblock {CLKAG_GEN_VGA/VGA_INITIALS/CLK_GEN_PLL/inst/clk25}
add_cells_to_pblock [get_pblocks  {CLKAG_GEN_VGA/VGA_INITIALS/CLK_GEN_PLL/inst/clk25}] [get_cells -filter { PRIMITIVE_GROUP != I/O && IS_PRIMITIVE==1 && PRIMITIVE_LEVEL !=INTERNAL } -of_object [get_pins -filter {DIRECTION==IN} -of_objects [get_nets -hierarchical -filter {PARENT=="GEN_VGA/VGA_INITIALS/CLK_GEN_PLL/inst/clk25"}]]]
resize_pblock [get_pblocks {CLKAG_GEN_VGA/VGA_INITIALS/CLK_GEN_PLL/inst/clk25}] -add {CLOCKREGION_X0Y2:CLOCKREGION_X0Y2}
#endgroup
